Already up to date
Done in 328ms using pnpm v11.22.0

Running 251 tests using 2 workers

(node:1682962) Warning: The 'NO_COLOR' env is ignored due to the 'FORCE_COLOR' env being set.
(Use `node --trace-warnings ...` to show where the warning was created)
(node:1682963) Warning: The 'NO_COLOR' env is ignored due to the 'FORCE_COLOR' env being set.
(Use `node --trace-warnings ...` to show where the warning was created)
  ✓    1 [chromium] › tests/e2e/detail-clone.spec.ts:125:5 › detail clone route contract › /about/founders renders its measured shell (584ms)
  ✓    3 [chromium] › tests/e2e/detail-clone.spec.ts:125:5 › detail clone route contract › /about/foundation renders its measured shell (623ms)
  ✓    2 [chromium] › tests/e2e/accessibility.spec.ts:16:3 › / has no automatically detectable WCAG A/AA violations (1.5s)
  ✓    4 [chromium] › tests/e2e/detail-clone.spec.ts:125:5 › detail clone route contract › /about/sustainability renders its measured shell (524ms)
  ✓    6 [chromium] › tests/e2e/detail-clone.spec.ts:125:5 › detail clone route contract › /antarctica/behind-the-scenes renders its measured shell (542ms)
  ✓    7 [chromium] › tests/e2e/detail-clone.spec.ts:125:5 › detail clone route contract › /antarctica/direct-flights-to-antarctica renders its measured shell (547ms)
  ✓    5 [chromium] › tests/e2e/accessibility.spec.ts:16:3 › /itineraries has no automatically detectable WCAG A/AA violations (1.4s)
  ✓    8 [chromium] › tests/e2e/detail-clone.spec.ts:125:5 › detail clone route contract › /camps/echo-base renders its measured shell (565ms)
  ✓   10 [chromium] › tests/e2e/detail-clone.spec.ts:125:5 › detail clone route contract › /camps/explorer-camp renders its measured shell (645ms)
  ✓    9 [chromium] › tests/e2e/accessibility.spec.ts:16:3 › /camps/echo-base has no automatically detectable WCAG A/AA violations (1.4s)
  ✓   11 [chromium] › tests/e2e/detail-clone.spec.ts:125:5 › detail clone route contract › /camps/whichaway-camp renders its measured shell (601ms)
  ✓   13 [chromium] › tests/e2e/detail-clone.spec.ts:125:5 › detail clone route contract › /itineraries/discovery-week renders its measured shell (571ms)
  ✓   14 [chromium] › tests/e2e/detail-clone.spec.ts:125:5 › detail clone route contract › /itineraries/south-pole-emperor-penguins renders its measured shell (651ms)
  ✓   12 [chromium] › tests/e2e/accessibility.spec.ts:16:3 › /itineraries/south-pole-blue-rivers has no automatically detectable WCAG A/AA violations (1.9s)
  ✓   15 [chromium] › tests/e2e/detail-clone.spec.ts:125:5 › detail clone route contract › /itineraries/south-pole-blue-rivers renders its measured shell (800ms)
  ✓   17 [chromium] › tests/e2e/detail-clone.spec.ts:125:5 › detail clone route contract › /itineraries/antarctica-in-a-day renders its measured shell (837ms)
  ✓   16 [chromium] › tests/e2e/accessibility.spec.ts:16:3 › /antarctica/polar-plateau has no automatically detectable WCAG A/AA violations (1.8s)
  ✓   18 [chromium] › tests/e2e/detail-clone.spec.ts:125:5 › detail clone route contract › /itineraries/early-emperor-penguins renders its measured shell (641ms)
  ✓   20 [chromium] › tests/e2e/detail-clone.spec.ts:125:5 › detail clone route contract › /itineraries/the-long-stay renders its measured shell (896ms)
  ✓   21 [chromium] › tests/e2e/detail-clone.spec.ts:125:5 › detail clone route contract › /antarctica/wolfs-fang-runway-mountains renders its measured shell (869ms)
  ✓   19 [chromium] › tests/e2e/accessibility.spec.ts:16:3 › /prices has no automatically detectable WCAG A/AA violations (2.0s)
  ✓   22 [chromium] › tests/e2e/detail-clone.spec.ts:125:5 › detail clone route contract › /antarctica/schirmacher-oasis renders its measured shell (830ms)
  ✓   24 [chromium] › tests/e2e/detail-clone.spec.ts:125:5 › detail clone route contract › /antarctica/polar-plateau renders its measured shell (748ms)
  ✓   23 [chromium] › tests/e2e/accessibility.spec.ts:16:3 › /enquire has no automatically detectable WCAG A/AA violations (2.0s)
  ✓   25 [chromium] › tests/e2e/detail-clone.spec.ts:125:5 › detail clone route contract › /antarctica/atka-penguin-colony renders its measured shell (875ms)
  ✓   27 [chromium] › tests/e2e/detail-clone.spec.ts:125:5 › detail clone route contract › /antarctica/fuel-depot renders its measured shell (723ms)
  ✓   28 [chromium] › tests/e2e/detail-clone.spec.ts:125:5 › detail clone route contract › /prices renders its measured shell (826ms)
  ✓   26 [chromium] › tests/e2e/accessibility.spec.ts:16:3 › /legal/privacy-policy has no automatically detectable WCAG A/AA violations (2.3s)
  ✓   29 [chromium] › tests/e2e/detail-clone.spec.ts:125:5 › detail clone route contract › /enquire renders its measured shell (796ms)
  ✓   31 [chromium] › tests/e2e/detail-clone.spec.ts:146:3 › detail clone nested interaction contract › rates expose all season cards and planning links without leaving the route (857ms)
  ✓   30 [chromium] › tests/e2e/global-shell-clone.spec.ts:161:5 › HOME hero media, cloud/mist scroll state, and film dialog › desktop: video plays and cloud/mist state reverses deterministically (1.8s)
  ✓   32 [chromium] › tests/e2e/detail-clone.spec.ts:154:3 › detail clone nested interaction contract › enquiry keeps the four keyboard-first fieldsets local (843ms)
  ✓   34 [chromium] › tests/e2e/detail-clone.spec.ts:170:3 › detail clone nested interaction contract › gallery controls update an announced slide without hiding controls (1.0s)
  ✓   33 [chromium] › tests/e2e/global-shell-clone.spec.ts:161:5 › HOME hero media, cloud/mist scroll state, and film dialog › tablet: video plays and cloud/mist state reverses deterministically (1.3s)
  ✓   35 [chromium] › tests/e2e/detail-clone.spec.ts:183:3 › detail clone nested interaction contract › accordions expose the target labels and remain native details (855ms)
  ✓   36 [chromium] › tests/e2e/global-shell-clone.spec.ts:161:5 › HOME hero media, cloud/mist scroll state, and film dialog › mobile: video plays and cloud/mist state reverses deterministically (1.3s)
  ✓   37 [chromium] › tests/e2e/detail-clone.spec.ts:199:3 › detail clone nested interaction contract › secondary film media is opt-in and hero images fill their stages (1.4s)
  ✓   38 [chromium] › tests/e2e/global-shell-clone.spec.ts:235:5 › HOME hero media, cloud/mist scroll state, and film dialog › desktop: Watch Film opens a local video dialog and restores focus (2.6s)
  ✓   39 [chromium] › tests/e2e/detail-clone.spec.ts:236:3 › detail clone nested interaction contract › detail-owned interactions stay free of post-hydration diagnostics (1.8s)
  ✓   40 [chromium] › tests/e2e/global-shell-clone.spec.ts:235:5 › HOME hero media, cloud/mist scroll state, and film dialog › tablet: Watch Film opens a local video dialog and restores focus (2.9s)
  ✓   41 [chromium] › tests/e2e/detail-clone.spec.ts:258:5 › detail clone measured family fidelity › desktop family masters preserve title, nav, media, and geometry (3.2s)
  ✓   42 [chromium] › tests/e2e/global-shell-clone.spec.ts:235:5 › HOME hero media, cloud/mist scroll state, and film dialog › mobile: Watch Film opens a local video dialog and restores focus (2.4s)
  ✓   43 [chromium] › tests/e2e/detail-clone.spec.ts:258:5 › detail clone measured family fidelity › tablet family masters preserve title, nav, media, and geometry (2.7s)
  ✓   44 [chromium] › tests/e2e/global-shell-clone.spec.ts:279:5 › HOME hero media, cloud/mist scroll state, and film dialog › desktop: legacy Newsletter Signup toggles and returns focus (2.5s)
  ✓   45 [chromium] › tests/e2e/detail-clone.spec.ts:258:5 › detail clone measured family fidelity › mobile family masters preserve title, nav, media, and geometry (2.4s)
  ✓   46 [chromium] › tests/e2e/global-shell-clone.spec.ts:279:5 › HOME hero media, cloud/mist scroll state, and film dialog › tablet: legacy Newsletter Signup toggles and returns focus (2.5s)
  ✓   47 [chromium] › tests/e2e/detail-clone.spec.ts:330:3 › detail clone measured family fidelity › rates and enquiry begin at the measured hero boundary (2.0s)
  ✓   48 [chromium] › tests/e2e/global-shell-clone.spec.ts:279:5 › HOME hero media, cloud/mist scroll state, and film dialog › mobile: legacy Newsletter Signup toggles and returns focus (2.4s)
  ✓   49 [chromium] › tests/e2e/home-footer.spec.ts:11:5 › 1440px HOME footer › approved content, responsive layout, keyboard, fonts and axe (3.0s)
  ✓   50 [chromium] › tests/e2e/global-shell-clone.spec.ts:319:3 › desktop: ADELVA header preserves direct links, disclosures and focus (1.3s)
  ✓   52 [chromium] › tests/e2e/global-shell-clone.spec.ts:319:3 › tablet: ADELVA header preserves direct links, disclosures and focus (1.4s)
  ✓   51 [chromium] › tests/e2e/home-footer.spec.ts:85:5 › 1440px HOME footer › contact stays clickable, utility restores focus, reduced motion and top anchor (2.4s)
  ✓   53 [chromium] › tests/e2e/global-shell-clone.spec.ts:319:3 › mobile: ADELVA header preserves direct links, disclosures and focus (1.3s)
  ✓   54 [chromium] › tests/e2e/home-footer.spec.ts:11:5 › 768px HOME footer › approved content, responsive layout, keyboard, fonts and axe (2.8s)
  ✓   55 [chromium] › tests/e2e/index-clone.spec.ts:88:5 › itineraries index topology and content › matches the measured direct-child order at all required viewports (3.3s)
  ✓   56 [chromium] › tests/e2e/home-footer.spec.ts:85:5 › 768px HOME footer › contact stays clickable, utility restores focus, reduced motion and top anchor (1.8s)
  ✓   57 [chromium] › tests/e2e/index-clone.spec.ts:117:5 › itineraries index topology and content › serves only local target media and the exact route links (1.7s)
  ✓   58 [chromium] › tests/e2e/home-footer.spec.ts:11:5 › 390px HOME footer › approved content, responsive layout, keyboard, fonts and axe (2.0s)
  ✓   59 [chromium] › tests/e2e/index-clone.spec.ts:193:5 › itineraries stage geometry at desktop (1.7s)
  ✓   60 [chromium] › tests/e2e/home-footer.spec.ts:85:5 › 390px HOME footer › contact stays clickable, utility restores focus, reduced motion and top anchor (1.7s)
  ✓   62 [chromium] › tests/e2e/home-footer.spec.ts:120:1 › 320px and enlarged footer text stay readable without horizontal overflow (831ms)
  ✓   61 [chromium] › tests/e2e/index-clone.spec.ts:193:5 › itineraries stage geometry at tablet (1.6s)
  ✓   63 [chromium] › tests/e2e/home-footer.spec.ts:134:1 › legacy routes keep their footer on navigation and return to HOME correctly (1.1s)
  ✓   64 [chromium] › tests/e2e/index-clone.spec.ts:193:5 › itineraries stage geometry at mobile (1.3s)
  ✓   65 [chromium] › tests/e2e/legal-clone.spec.ts:208:7 › /legal/website-terms › matches target topology and content at desktop (1.1s)
  ✓   67 [chromium] › tests/e2e/legal-clone.spec.ts:208:7 › /legal/website-terms › matches target topology and content at tablet (906ms)
  ✓   68 [chromium] › tests/e2e/legal-clone.spec.ts:208:7 › /legal/website-terms › matches target topology and content at mobile (739ms)
  ✓   66 [chromium] › tests/e2e/index-clone.spec.ts:88:5 › camps index topology and content › matches the measured direct-child order at all required viewports (2.9s)
  ✓   69 [chromium] › tests/e2e/legal-clone.spec.ts:208:7 › /legal/booking-terms › matches target topology and content at desktop (1.1s)
  ✓   70 [chromium] › tests/e2e/index-clone.spec.ts:117:5 › camps index topology and content › serves only local target media and the exact route links (1.3s)
  ✓   71 [chromium] › tests/e2e/legal-clone.spec.ts:208:7 › /legal/booking-terms › matches target topology and content at tablet (837ms)
  ✓   73 [chromium] › tests/e2e/legal-clone.spec.ts:208:7 › /legal/booking-terms › matches target topology and content at mobile (753ms)
  ✓   72 [chromium] › tests/e2e/index-clone.spec.ts:193:5 › camps stage geometry at desktop (1.5s)
  ✓   74 [chromium] › tests/e2e/legal-clone.spec.ts:208:7 › /legal/privacy-policy › matches target topology and content at desktop (878ms)
  ✓   76 [chromium] › tests/e2e/legal-clone.spec.ts:208:7 › /legal/privacy-policy › matches target topology and content at tablet (784ms)
  ✓   75 [chromium] › tests/e2e/index-clone.spec.ts:193:5 › camps stage geometry at tablet (1.3s)
  ✓   77 [chromium] › tests/e2e/legal-clone.spec.ts:208:7 › /legal/privacy-policy › matches target topology and content at mobile (731ms)
  ✓   78 [chromium] › tests/e2e/index-clone.spec.ts:193:5 › camps stage geometry at mobile (1.1s)
  ✓   79 [chromium] › tests/e2e/legal-clone.spec.ts:208:7 › /legal/cookies › matches target topology and content at desktop (891ms)
  ✓   81 [chromium] › tests/e2e/legal-clone.spec.ts:208:7 › /legal/cookies › matches target topology and content at tablet (710ms)
  ✓   82 [chromium] › tests/e2e/legal-clone.spec.ts:208:7 › /legal/cookies › matches target topology and content at mobile (574ms)
  ✓   83 [chromium] › tests/e2e/legal-clone.spec.ts:208:7 › /legal/medical-disclaimer › matches target topology and content at desktop (841ms)
  ✓   84 [chromium] › tests/e2e/legal-clone.spec.ts:208:7 › /legal/medical-disclaimer › matches target topology and content at tablet (684ms)
  ✓   85 [chromium] › tests/e2e/legal-clone.spec.ts:208:7 › /legal/medical-disclaimer › matches target topology and content at mobile (584ms)
  ✓   80 [chromium] › tests/e2e/index-clone.spec.ts:228:3 › index scroll choreography › resolves the hero layers at start, middle, end, and reverse without queued motion (3.9s)
  ✓   86 [chromium] › tests/e2e/smoke.spec.ts:3:1 › home exposes a single main landmark and usable navigation (823ms)
  ✓   88 [chromium] › tests/e2e/smoke.spec.ts:10:1 › keyboard users can reveal the skip link (794ms)
  ✓   89 [chromium] › tests/e2e/smoke.spec.ts:16:1 › Antarctica index preserves the observed HTTP redirect (20ms)
  ✓   87 [chromium] › tests/e2e/index-clone.spec.ts:284:3 › index scroll choreography › activates a collapsed trip on keyboard focus and pointer entry (2.2s)
  ✓   90 [chromium] › tests/e2e/visual.spec.ts:10:3 › home regression at desktop (1.3s)
  ✓   91 [chromium] › tests/e2e/index-clone.spec.ts:308:3 › index scroll choreography › keeps all five trip cards readable in the stacked mobile state (1.2s)
  ✓   92 [chromium] › tests/e2e/visual.spec.ts:10:3 › home regression at tablet (966ms)
  ✓   94 [chromium] › tests/e2e/visual.spec.ts:10:3 › home regression at mobile (738ms)
(node:1690764) Warning: The 'NO_COLOR' env is ignored due to the 'FORCE_COLOR' env being set.
(Use `node --trace-warnings ...` to show where the warning was created)
  ✓   93 [chromium] › tests/e2e/who-we-support.spec.ts:35:5 › 1440px support section › semantic copy, responsive entrances, keyboard and accessibility (1.8s)
  ✓   95 [chromium] › tests/e2e/release-coverage.spec.ts:886:7 › release coverage: rendered routes › / (home) renders at desktop (2.4s)
  ✓   96 [chromium] › tests/e2e/who-we-support.spec.ts:95:5 › 1440px support section › landscape scrubs, reverses and reverts when motion preference changes (2.7s)
  ✓   98 [chromium] › tests/e2e/who-we-support.spec.ts:35:5 › 768px support section › semantic copy, responsive entrances, keyboard and accessibility (1.6s)
  ✓   97 [chromium] › tests/e2e/release-coverage.spec.ts:886:7 › release coverage: rendered routes › / (home) renders at tablet (2.1s)
  ✓  100 [chromium] › tests/e2e/release-coverage.spec.ts:886:7 › release coverage: rendered routes › / (home) renders at mobile (2.1s)
  ✓   99 [chromium] › tests/e2e/who-we-support.spec.ts:95:5 › 768px support section › landscape scrubs, reverses and reverts when motion preference changes (2.4s)
  ✓  102 [chromium] › tests/e2e/who-we-support.spec.ts:35:5 › 390px support section › semantic copy, responsive entrances, keyboard and accessibility (1.3s)
  ✓  101 [chromium] › tests/e2e/release-coverage.spec.ts:886:7 › release coverage: rendered routes › /itineraries (itinerary-index) renders at desktop (2.4s)
  ✓  103 [chromium] › tests/e2e/who-we-support.spec.ts:95:5 › 390px support section › landscape scrubs, reverses and reverts when motion preference changes (2.2s)
  ✓  105 [chromium] › tests/e2e/who-we-support.spec.ts:150:1 › 320px reflow and 200% text remain readable without clipping (564ms)
  ✓  104 [chromium] › tests/e2e/release-coverage.spec.ts:886:7 › release coverage: rendered routes › /itineraries (itinerary-index) renders at tablet (2.2s)
  ✓  106 [chromium] › tests/e2e/who-we-support.spec.ts:175:3 › 1440px uses delivered fonts and keeps the shared vertical rules visible (1.4s)
  ✓  108 [chromium] › tests/e2e/who-we-support.spec.ts:175:3 › 768px uses delivered fonts and keeps the shared vertical rules visible (934ms)
  ✓  107 [chromium] › tests/e2e/release-coverage.spec.ts:886:7 › release coverage: rendered routes › /itineraries (itinerary-index) renders at mobile (2.2s)
  ✓  109 [chromium] › tests/e2e/who-we-support.spec.ts:175:3 › 390px uses delivered fonts and keeps the shared vertical rules visible (783ms)
  ✓  110 [chromium] › tests/e2e/release-coverage.spec.ts:886:7 › release coverage: rendered routes › /camps (camp-index) renders at desktop (2.4s)
  ✓  111 [chromium] › tests/e2e/release-coverage.spec.ts:886:7 › release coverage: rendered routes › /camps (camp-index) renders at tablet (2.2s)
  ✓  112 [chromium] › tests/e2e/release-coverage.spec.ts:886:7 › release coverage: rendered routes › /camps (camp-index) renders at mobile (2.0s)
  ✓  113 [chromium] › tests/e2e/release-coverage.spec.ts:886:7 › release coverage: rendered routes › /about/founders (about-story) renders at desktop (2.1s)
  ✓  114 [chromium] › tests/e2e/release-coverage.spec.ts:886:7 › release coverage: rendered routes › /about/founders (about-story) renders at tablet (2.0s)
  ✓  115 [chromium] › tests/e2e/release-coverage.spec.ts:886:7 › release coverage: rendered routes › /about/founders (about-story) renders at mobile (2.0s)
  ✓  116 [chromium] › tests/e2e/release-coverage.spec.ts:886:7 › release coverage: rendered routes › /about/foundation (about-foundation) renders at desktop (2.3s)
  ✓  117 [chromium] › tests/e2e/release-coverage.spec.ts:886:7 › release coverage: rendered routes › /about/foundation (about-foundation) renders at tablet (2.2s)
  ✓  118 [chromium] › tests/e2e/release-coverage.spec.ts:886:7 › release coverage: rendered routes › /about/foundation (about-foundation) renders at mobile (2.0s)
  ✓  119 [chromium] › tests/e2e/release-coverage.spec.ts:886:7 › release coverage: rendered routes › /about/sustainability (about-sustainability) renders at desktop (2.4s)
  ✓  120 [chromium] › tests/e2e/release-coverage.spec.ts:886:7 › release coverage: rendered routes › /about/sustainability (about-sustainability) renders at tablet (2.1s)
  ✓  121 [chromium] › tests/e2e/release-coverage.spec.ts:886:7 › release coverage: rendered routes › /about/sustainability (about-sustainability) renders at mobile (2.0s)
  ✓  122 [chromium] › tests/e2e/release-coverage.spec.ts:886:7 › release coverage: rendered routes › /antarctica/behind-the-scenes (operations) renders at desktop (2.3s)
  ✓  123 [chromium] › tests/e2e/release-coverage.spec.ts:886:7 › release coverage: rendered routes › /antarctica/behind-the-scenes (operations) renders at tablet (2.1s)
  ✓  124 [chromium] › tests/e2e/release-coverage.spec.ts:886:7 › release coverage: rendered routes › /antarctica/behind-the-scenes (operations) renders at mobile (2.0s)
  ✓  125 [chromium] › tests/e2e/release-coverage.spec.ts:886:7 › release coverage: rendered routes › /antarctica/direct-flights-to-antarctica (aviation) renders at desktop (2.3s)
  ✓  126 [chromium] › tests/e2e/release-coverage.spec.ts:886:7 › release coverage: rendered routes › /antarctica/direct-flights-to-antarctica (aviation) renders at tablet (2.1s)
  ✓  127 [chromium] › tests/e2e/release-coverage.spec.ts:886:7 › release coverage: rendered routes › /antarctica/direct-flights-to-antarctica (aviation) renders at mobile (2.0s)
  ✓  128 [chromium] › tests/e2e/release-coverage.spec.ts:886:7 › release coverage: rendered routes › /prices (rates) renders at desktop (2.0s)
  ✓  129 [chromium] › tests/e2e/release-coverage.spec.ts:886:7 › release coverage: rendered routes › /prices (rates) renders at tablet (2.0s)
  ✓  130 [chromium] › tests/e2e/release-coverage.spec.ts:886:7 › release coverage: rendered routes › /prices (rates) renders at mobile (2.0s)
  ✓  131 [chromium] › tests/e2e/release-coverage.spec.ts:886:7 › release coverage: rendered routes › /enquire (enquiry-form) renders at desktop (2.1s)
  ✓  132 [chromium] › tests/e2e/release-coverage.spec.ts:886:7 › release coverage: rendered routes › /enquire (enquiry-form) renders at tablet (2.0s)
  ✓  133 [chromium] › tests/e2e/release-coverage.spec.ts:886:7 › release coverage: rendered routes › /enquire (enquiry-form) renders at mobile (2.0s)
  ✓  134 [chromium] › tests/e2e/release-coverage.spec.ts:886:7 › release coverage: rendered routes › /legal/website-terms (legal) renders at desktop (2.2s)
  ✓  135 [chromium] › tests/e2e/release-coverage.spec.ts:886:7 › release coverage: rendered routes › /legal/website-terms (legal) renders at tablet (2.1s)
  ✓  136 [chromium] › tests/e2e/release-coverage.spec.ts:886:7 › release coverage: rendered routes › /legal/website-terms (legal) renders at mobile (2.0s)
  ✓  137 [chromium] › tests/e2e/release-coverage.spec.ts:886:7 › release coverage: rendered routes › /legal/booking-terms (legal) renders at desktop (2.2s)
  ✓  138 [chromium] › tests/e2e/release-coverage.spec.ts:886:7 › release coverage: rendered routes › /legal/booking-terms (legal) renders at tablet (2.0s)
  ✓  139 [chromium] › tests/e2e/release-coverage.spec.ts:886:7 › release coverage: rendered routes › /legal/booking-terms (legal) renders at mobile (2.0s)
  ✓  140 [chromium] › tests/e2e/release-coverage.spec.ts:886:7 › release coverage: rendered routes › /legal/privacy-policy (legal) renders at desktop (2.2s)
  ✓  141 [chromium] › tests/e2e/release-coverage.spec.ts:886:7 › release coverage: rendered routes › /legal/privacy-policy (legal) renders at tablet (2.1s)
  ✓  142 [chromium] › tests/e2e/release-coverage.spec.ts:886:7 › release coverage: rendered routes › /legal/privacy-policy (legal) renders at mobile (2.0s)
  ✓  143 [chromium] › tests/e2e/release-coverage.spec.ts:886:7 › release coverage: rendered routes › /legal/cookies (legal) renders at desktop (2.2s)
  ✓  144 [chromium] › tests/e2e/release-coverage.spec.ts:886:7 › release coverage: rendered routes › /legal/cookies (legal) renders at tablet (2.1s)
  ✓  145 [chromium] › tests/e2e/release-coverage.spec.ts:886:7 › release coverage: rendered routes › /legal/cookies (legal) renders at mobile (2.0s)
  ✓  146 [chromium] › tests/e2e/release-coverage.spec.ts:886:7 › release coverage: rendered routes › /legal/medical-disclaimer (legal) renders at desktop (666ms)
  ✓  147 [chromium] › tests/e2e/release-coverage.spec.ts:886:7 › release coverage: rendered routes › /legal/medical-disclaimer (legal) renders at tablet (458ms)
  ✓  148 [chromium] › tests/e2e/release-coverage.spec.ts:886:7 › release coverage: rendered routes › /legal/medical-disclaimer (legal) renders at mobile (414ms)
  ✓  149 [chromium] › tests/e2e/release-coverage.spec.ts:886:7 › release coverage: rendered routes › /camps/echo-base (camp-detail) renders at desktop (2.1s)
  ✓  150 [chromium] › tests/e2e/release-coverage.spec.ts:886:7 › release coverage: rendered routes › /camps/echo-base (camp-detail) renders at tablet (2.1s)
  ✓  151 [chromium] › tests/e2e/release-coverage.spec.ts:886:7 › release coverage: rendered routes › /camps/echo-base (camp-detail) renders at mobile (2.0s)
  ✓  152 [chromium] › tests/e2e/release-coverage.spec.ts:886:7 › release coverage: rendered routes › /camps/explorer-camp (camp-detail) renders at desktop (2.3s)
  ✓  153 [chromium] › tests/e2e/release-coverage.spec.ts:886:7 › release coverage: rendered routes › /camps/explorer-camp (camp-detail) renders at tablet (2.2s)
  ✓  154 [chromium] › tests/e2e/release-coverage.spec.ts:886:7 › release coverage: rendered routes › /camps/explorer-camp (camp-detail) renders at mobile (2.0s)
  ✓  155 [chromium] › tests/e2e/release-coverage.spec.ts:886:7 › release coverage: rendered routes › /camps/whichaway-camp (camp-detail) renders at desktop (2.3s)
  ✓  156 [chromium] › tests/e2e/release-coverage.spec.ts:886:7 › release coverage: rendered routes › /camps/whichaway-camp (camp-detail) renders at tablet (2.1s)
  ✓  157 [chromium] › tests/e2e/release-coverage.spec.ts:886:7 › release coverage: rendered routes › /camps/whichaway-camp (camp-detail) renders at mobile (2.0s)
  ✓  158 [chromium] › tests/e2e/release-coverage.spec.ts:886:7 › release coverage: rendered routes › /itineraries/discovery-week (itinerary-detail) renders at desktop (2.2s)
  ✓  159 [chromium] › tests/e2e/release-coverage.spec.ts:886:7 › release coverage: rendered routes › /itineraries/discovery-week (itinerary-detail) renders at tablet (2.0s)
  ✓  160 [chromium] › tests/e2e/release-coverage.spec.ts:886:7 › release coverage: rendered routes › /itineraries/discovery-week (itinerary-detail) renders at mobile (2.0s)
  ✓  161 [chromium] › tests/e2e/release-coverage.spec.ts:886:7 › release coverage: rendered routes › /itineraries/south-pole-emperor-penguins (itinerary-detail) renders at desktop (2.3s)
  ✓  162 [chromium] › tests/e2e/release-coverage.spec.ts:886:7 › release coverage: rendered routes › /itineraries/south-pole-emperor-penguins (itinerary-detail) renders at tablet (2.1s)
  ✓  163 [chromium] › tests/e2e/release-coverage.spec.ts:886:7 › release coverage: rendered routes › /itineraries/south-pole-emperor-penguins (itinerary-detail) renders at mobile (2.0s)
  ✓  164 [chromium] › tests/e2e/release-coverage.spec.ts:886:7 › release coverage: rendered routes › /itineraries/south-pole-blue-rivers (itinerary-detail) renders at desktop (2.4s)
  ✓  165 [chromium] › tests/e2e/release-coverage.spec.ts:886:7 › release coverage: rendered routes › /itineraries/south-pole-blue-rivers (itinerary-detail) renders at tablet (2.2s)
  ✓  166 [chromium] › tests/e2e/release-coverage.spec.ts:886:7 › release coverage: rendered routes › /itineraries/south-pole-blue-rivers (itinerary-detail) renders at mobile (2.1s)
  ✓  167 [chromium] › tests/e2e/release-coverage.spec.ts:886:7 › release coverage: rendered routes › /itineraries/antarctica-in-a-day (itinerary-day) renders at desktop (2.3s)
  ✓  168 [chromium] › tests/e2e/release-coverage.spec.ts:886:7 › release coverage: rendered routes › /itineraries/antarctica-in-a-day (itinerary-day) renders at tablet (2.2s)
  ✓  169 [chromium] › tests/e2e/release-coverage.spec.ts:886:7 › release coverage: rendered routes › /itineraries/antarctica-in-a-day (itinerary-day) renders at mobile (2.0s)
  ✓  170 [chromium] › tests/e2e/release-coverage.spec.ts:886:7 › release coverage: rendered routes › /itineraries/early-emperor-penguins (itinerary-detail) renders at desktop (2.2s)
  ✓  171 [chromium] › tests/e2e/release-coverage.spec.ts:886:7 › release coverage: rendered routes › /itineraries/early-emperor-penguins (itinerary-detail) renders at tablet (2.1s)
  ✓  172 [chromium] › tests/e2e/release-coverage.spec.ts:886:7 › release coverage: rendered routes › /itineraries/early-emperor-penguins (itinerary-detail) renders at mobile (2.0s)
  ✓  173 [chromium] › tests/e2e/release-coverage.spec.ts:886:7 › release coverage: rendered routes › /itineraries/the-long-stay (itinerary-detail) renders at desktop (2.3s)
  ✓  174 [chromium] › tests/e2e/release-coverage.spec.ts:886:7 › release coverage: rendered routes › /itineraries/the-long-stay (itinerary-detail) renders at tablet (2.1s)
  ✓  175 [chromium] › tests/e2e/release-coverage.spec.ts:886:7 › release coverage: rendered routes › /itineraries/the-long-stay (itinerary-detail) renders at mobile (2.0s)
  ✓  176 [chromium] › tests/e2e/release-coverage.spec.ts:886:7 › release coverage: rendered routes › /antarctica/wolfs-fang-runway-mountains (region-detail) renders at desktop (2.3s)
  ✓  177 [chromium] › tests/e2e/release-coverage.spec.ts:886:7 › release coverage: rendered routes › /antarctica/wolfs-fang-runway-mountains (region-detail) renders at tablet (2.1s)
  ✓  178 [chromium] › tests/e2e/release-coverage.spec.ts:886:7 › release coverage: rendered routes › /antarctica/wolfs-fang-runway-mountains (region-detail) renders at mobile (2.0s)
  ✓  179 [chromium] › tests/e2e/release-coverage.spec.ts:886:7 › release coverage: rendered routes › /antarctica/schirmacher-oasis (region-detail) renders at desktop (2.3s)
  ✓  180 [chromium] › tests/e2e/release-coverage.spec.ts:886:7 › release coverage: rendered routes › /antarctica/schirmacher-oasis (region-detail) renders at tablet (2.1s)
  ✓  181 [chromium] › tests/e2e/release-coverage.spec.ts:886:7 › release coverage: rendered routes › /antarctica/schirmacher-oasis (region-detail) renders at mobile (2.0s)
  ✓  182 [chromium] › tests/e2e/release-coverage.spec.ts:886:7 › release coverage: rendered routes › /antarctica/polar-plateau (region-detail) renders at desktop (2.2s)
  ✓  183 [chromium] › tests/e2e/release-coverage.spec.ts:886:7 › release coverage: rendered routes › /antarctica/polar-plateau (region-detail) renders at tablet (2.0s)
  ✓  184 [chromium] › tests/e2e/release-coverage.spec.ts:886:7 › release coverage: rendered routes › /antarctica/polar-plateau (region-detail) renders at mobile (2.0s)
  ✓  185 [chromium] › tests/e2e/release-coverage.spec.ts:886:7 › release coverage: rendered routes › /antarctica/atka-penguin-colony (region-detail) renders at desktop (2.2s)
  ✓  186 [chromium] › tests/e2e/release-coverage.spec.ts:886:7 › release coverage: rendered routes › /antarctica/atka-penguin-colony (region-detail) renders at tablet (2.1s)
  ✓  187 [chromium] › tests/e2e/release-coverage.spec.ts:886:7 › release coverage: rendered routes › /antarctica/atka-penguin-colony (region-detail) renders at mobile (2.0s)
  ✓  188 [chromium] › tests/e2e/release-coverage.spec.ts:886:7 › release coverage: rendered routes › /antarctica/fuel-depot (region-detail) renders at desktop (2.2s)
  ✓  189 [chromium] › tests/e2e/release-coverage.spec.ts:886:7 › release coverage: rendered routes › /antarctica/fuel-depot (region-detail) renders at tablet (2.1s)
  ✓  190 [chromium] › tests/e2e/release-coverage.spec.ts:886:7 › release coverage: rendered routes › /antarctica/fuel-depot (region-detail) renders at mobile (2.0s)
  ✓  191 [chromium] › tests/e2e/release-coverage.spec.ts:923:3 › release coverage: Antarctica redirect › /antarctica returns a 307 and the documented Location at every viewport (5.2s)
  ✓  192 [chromium] › tests/e2e/release-coverage.spec.ts:1003:7 › release coverage: representative menu states › / menu is accessible at desktop (3.9s)
  ✓  193 [chromium] › tests/e2e/release-coverage.spec.ts:1003:7 › release coverage: representative menu states › / menu is accessible at tablet (3.6s)
  ✓  194 [chromium] › tests/e2e/release-coverage.spec.ts:1003:7 › release coverage: representative menu states › / menu is accessible at mobile (3.5s)
  ✓  195 [chromium] › tests/e2e/release-coverage.spec.ts:1003:7 › release coverage: representative menu states › /itineraries menu is accessible at desktop (3.6s)
  ✓  196 [chromium] › tests/e2e/release-coverage.spec.ts:1003:7 › release coverage: representative menu states › /itineraries menu is accessible at tablet (3.8s)
  ✓  197 [chromium] › tests/e2e/release-coverage.spec.ts:1003:7 › release coverage: representative menu states › /itineraries menu is accessible at mobile (4.0s)
  ✓  198 [chromium] › tests/e2e/release-coverage.spec.ts:1003:7 › release coverage: representative menu states › /camps menu is accessible at desktop (3.4s)
  ✓  199 [chromium] › tests/e2e/release-coverage.spec.ts:1003:7 › release coverage: representative menu states › /camps menu is accessible at tablet (3.6s)
  ✓  200 [chromium] › tests/e2e/release-coverage.spec.ts:1003:7 › release coverage: representative menu states › /camps menu is accessible at mobile (3.9s)
  ✓  201 [chromium] › tests/e2e/release-coverage.spec.ts:1003:7 › release coverage: representative menu states › /about/founders menu is accessible at desktop (3.1s)
  ✓  202 [chromium] › tests/e2e/release-coverage.spec.ts:1003:7 › release coverage: representative menu states › /about/founders menu is accessible at tablet (3.4s)
  ✓  203 [chromium] › tests/e2e/release-coverage.spec.ts:1003:7 › release coverage: representative menu states › /about/founders menu is accessible at mobile (3.9s)
  ✓  204 [chromium] › tests/e2e/release-coverage.spec.ts:1003:7 › release coverage: representative menu states › /about/foundation menu is accessible at desktop (3.3s)
  ✓  205 [chromium] › tests/e2e/release-coverage.spec.ts:1003:7 › release coverage: representative menu states › /about/foundation menu is accessible at tablet (3.5s)
  ✓  206 [chromium] › tests/e2e/release-coverage.spec.ts:1003:7 › release coverage: representative menu states › /about/foundation menu is accessible at mobile (3.8s)
  ✓  207 [chromium] › tests/e2e/release-coverage.spec.ts:1003:7 › release coverage: representative menu states › /about/sustainability menu is accessible at desktop (3.6s)
  ✓  208 [chromium] › tests/e2e/release-coverage.spec.ts:1003:7 › release coverage: representative menu states › /about/sustainability menu is accessible at tablet (3.7s)
  ✓  209 [chromium] › tests/e2e/release-coverage.spec.ts:1003:7 › release coverage: representative menu states › /about/sustainability menu is accessible at mobile (4.0s)
  ✓  210 [chromium] › tests/e2e/release-coverage.spec.ts:1003:7 › release coverage: representative menu states › /antarctica/behind-the-scenes menu is accessible at desktop (3.5s)
  ✓  211 [chromium] › tests/e2e/release-coverage.spec.ts:1003:7 › release coverage: representative menu states › /antarctica/behind-the-scenes menu is accessible at tablet (3.6s)
  ✓  212 [chromium] › tests/e2e/release-coverage.spec.ts:1003:7 › release coverage: representative menu states › /antarctica/behind-the-scenes menu is accessible at mobile (3.9s)
  ✓  213 [chromium] › tests/e2e/release-coverage.spec.ts:1003:7 › release coverage: representative menu states › /antarctica/direct-flights-to-antarctica menu is accessible at desktop (3.2s)
  ✓  214 [chromium] › tests/e2e/release-coverage.spec.ts:1003:7 › release coverage: representative menu states › /antarctica/direct-flights-to-antarctica menu is accessible at tablet (3.5s)
  ✓  215 [chromium] › tests/e2e/release-coverage.spec.ts:1003:7 › release coverage: representative menu states › /antarctica/direct-flights-to-antarctica menu is accessible at mobile (4.0s)
  ✓  216 [chromium] › tests/e2e/release-coverage.spec.ts:1003:7 › release coverage: representative menu states › /prices menu is accessible at desktop (3.1s)
  ✓  217 [chromium] › tests/e2e/release-coverage.spec.ts:1003:7 › release coverage: representative menu states › /prices menu is accessible at tablet (3.5s)
  ✓  218 [chromium] › tests/e2e/release-coverage.spec.ts:1003:7 › release coverage: representative menu states › /prices menu is accessible at mobile (4.0s)
  ✓  219 [chromium] › tests/e2e/release-coverage.spec.ts:1003:7 › release coverage: representative menu states › /enquire menu is accessible at desktop (3.0s)
  ✓  220 [chromium] › tests/e2e/release-coverage.spec.ts:1003:7 › release coverage: representative menu states › /enquire menu is accessible at tablet (3.5s)
  ✓  221 [chromium] › tests/e2e/release-coverage.spec.ts:1003:7 › release coverage: representative menu states › /enquire menu is accessible at mobile (4.0s)
  ✓  222 [chromium] › tests/e2e/release-coverage.spec.ts:1003:7 › release coverage: representative menu states › /legal/medical-disclaimer menu is accessible at desktop (1.6s)
  ✓  223 [chromium] › tests/e2e/release-coverage.spec.ts:1003:7 › release coverage: representative menu states › /legal/medical-disclaimer menu is accessible at tablet (2.5s)
  ✓  224 [chromium] › tests/e2e/release-coverage.spec.ts:1003:7 › release coverage: representative menu states › /legal/medical-disclaimer menu is accessible at mobile (2.3s)
  ✓  225 [chromium] › tests/e2e/release-coverage.spec.ts:1003:7 › release coverage: representative menu states › /camps/whichaway-camp menu is accessible at desktop (3.3s)
  ✓  226 [chromium] › tests/e2e/release-coverage.spec.ts:1003:7 › release coverage: representative menu states › /camps/whichaway-camp menu is accessible at tablet (4.0s)
  ✓  227 [chromium] › tests/e2e/release-coverage.spec.ts:1003:7 › release coverage: representative menu states › /camps/whichaway-camp menu is accessible at mobile (3.4s)
  ✓  228 [chromium] › tests/e2e/release-coverage.spec.ts:1003:7 › release coverage: representative menu states › /itineraries/the-long-stay menu is accessible at desktop (3.4s)
  ✓  229 [chromium] › tests/e2e/release-coverage.spec.ts:1003:7 › release coverage: representative menu states › /itineraries/the-long-stay menu is accessible at tablet (3.6s)
  ✓  230 [chromium] › tests/e2e/release-coverage.spec.ts:1003:7 › release coverage: representative menu states › /itineraries/the-long-stay menu is accessible at mobile (4.0s)
  ✓  231 [chromium] › tests/e2e/release-coverage.spec.ts:1003:7 › release coverage: representative menu states › /itineraries/antarctica-in-a-day menu is accessible at desktop (3.5s)
  ✓  232 [chromium] › tests/e2e/release-coverage.spec.ts:1003:7 › release coverage: representative menu states › /itineraries/antarctica-in-a-day menu is accessible at tablet (3.8s)
  ✓  233 [chromium] › tests/e2e/release-coverage.spec.ts:1003:7 › release coverage: representative menu states › /itineraries/antarctica-in-a-day menu is accessible at mobile (4.0s)
  ✓  234 [chromium] › tests/e2e/release-coverage.spec.ts:1003:7 › release coverage: representative menu states › /antarctica/fuel-depot menu is accessible at desktop (3.2s)
  ✓  235 [chromium] › tests/e2e/release-coverage.spec.ts:1003:7 › release coverage: representative menu states › /antarctica/fuel-depot menu is accessible at tablet (3.6s)
  ✓  236 [chromium] › tests/e2e/release-coverage.spec.ts:1003:7 › release coverage: representative menu states › /antarctica/fuel-depot menu is accessible at mobile (4.0s)
  ✓  237 [chromium] › tests/e2e/release-coverage.spec.ts:1096:5 › release coverage: local-only enquiry form › /enquire form states at desktop (5.7s)
  ✓  238 [chromium] › tests/e2e/release-coverage.spec.ts:1096:5 › release coverage: local-only enquiry form › /enquire form states at tablet (7.3s)
  ✓  239 [chromium] › tests/e2e/release-coverage.spec.ts:1096:5 › release coverage: local-only enquiry form › /enquire form states at mobile (9.0s)
  ✓  240 [chromium] › tests/e2e/release-coverage.spec.ts:1216:9 › release coverage: motion preferences › / remains usable with no-preference at desktop (2.6s)
  ✓  241 [chromium] › tests/e2e/release-coverage.spec.ts:1216:9 › release coverage: motion preferences › / remains usable with reduce at desktop (2.5s)
  ✓  242 [chromium] › tests/e2e/release-coverage.spec.ts:1216:9 › release coverage: motion preferences › / remains usable with no-preference at tablet (2.7s)
  ✓  243 [chromium] › tests/e2e/release-coverage.spec.ts:1216:9 › release coverage: motion preferences › / remains usable with reduce at tablet (2.3s)
  ✓  244 [chromium] › tests/e2e/release-coverage.spec.ts:1216:9 › release coverage: motion preferences › / remains usable with no-preference at mobile (2.6s)
  ✓  245 [chromium] › tests/e2e/release-coverage.spec.ts:1216:9 › release coverage: motion preferences › / remains usable with reduce at mobile (2.2s)
  ✓  246 [chromium] › tests/e2e/release-coverage.spec.ts:1216:9 › release coverage: motion preferences › /antarctica/fuel-depot remains usable with no-preference at desktop (2.3s)
  ✓  247 [chromium] › tests/e2e/release-coverage.spec.ts:1216:9 › release coverage: motion preferences › /antarctica/fuel-depot remains usable with reduce at desktop (2.2s)
  ✓  248 [chromium] › tests/e2e/release-coverage.spec.ts:1216:9 › release coverage: motion preferences › /antarctica/fuel-depot remains usable with no-preference at tablet (2.6s)
  ✓  249 [chromium] › tests/e2e/release-coverage.spec.ts:1216:9 › release coverage: motion preferences › /antarctica/fuel-depot remains usable with reduce at tablet (2.2s)
  ✓  250 [chromium] › tests/e2e/release-coverage.spec.ts:1216:9 › release coverage: motion preferences › /antarctica/fuel-depot remains usable with no-preference at mobile (2.5s)
  ✓  251 [chromium] › tests/e2e/release-coverage.spec.ts:1216:9 › release coverage: motion preferences › /antarctica/fuel-depot remains usable with reduce at mobile (2.1s)

  Slow test file: [chromium] › tests/e2e/release-coverage.spec.ts (6.6m)
  Consider running tests from slow files in parallel. See: https://playwright.dev/docs/test-parallel
  251 passed (7.7m)
