$ next build
▲ Next.js 16.3.3 (Turbopack)
✓ Running next.config.ts took 17ms

  Creating an optimized production build ...
✓ Compiled successfully in 186ms
  Running TypeScript ...
  Finished TypeScript in 1461ms ...
  Collecting page data using 21 workers ...
  Generating static pages using 21 workers (0/39) ...
  Generating static pages using 21 workers (9/39) 
  Generating static pages using 21 workers (19/39) 
  Generating static pages using 21 workers (29/39) 
✓ Generating static pages using 21 workers (39/39) in 608ms
  Finalizing page optimization ...

Route (app)
┌ ○ /
├ ○ /_not-found
├ ○ /about
├   /about/[topic]
│ ├ ● /about/founders
│ ├ ● /about/foundation
│ └ ● /about/sustainability
├   /antarctica/[region]
│ ├ ● /antarctica/behind-the-scenes
│ ├ ● /antarctica/direct-flights-to-antarctica
│ ├ ● /antarctica/wolfs-fang-runway-mountains
│ └ ● [+4 more paths]
├ ○ /camps
├   /camps/[camp]
│ ├ ● /camps/echo-base
│ ├ ● /camps/explorer-camp
│ └ ● /camps/whichaway-camp
├ ○ /challenges
├ ○ /challenges/general-managers
├ ○ /challenges/owner
├ ○ /challenges/owners
├ ○ /contact
├ ○ /enquire
├ ○ /itineraries
├   /itineraries/[journey]
│ ├ ● /itineraries/discovery-week
│ ├ ● /itineraries/south-pole-emperor-penguins
│ ├ ● /itineraries/south-pole-blue-rivers
│ └ ● [+3 more paths]
├   /legal/[document]
│ ├ ● /legal/website-terms
│ ├ ● /legal/booking-terms
│ ├ ● /legal/privacy-policy
│ └ ● [+2 more paths]
├ ○ /prices
├ ○ /services/management-operations
└ ○ /services/revenue-brand


○  (Static)  prerendered as static content
●  (SSG)     prerendered as static HTML (uses generateStaticParams)

