
Running 36 tests using 3 workers

(node:125) Warning: The 'NO_COLOR' env is ignored due to the 'FORCE_COLOR' env being set.
(Use `node --trace-warnings ...` to show where the warning was created)
(node:126) Warning: The 'NO_COLOR' env is ignored due to the 'FORCE_COLOR' env being set.
(Use `node --trace-warnings ...` to show where the warning was created)
(node:127) Warning: The 'NO_COLOR' env is ignored due to the 'FORCE_COLOR' env being set.
(Use `node --trace-warnings ...` to show where the warning was created)
  ✓   3 [chromium] › tests/e2e/revenue-brand.spec.ts:25:5 › revenue-brand 1440 › copy, completed fallback, width, and shell (3.9s)
  ✓   1 [chromium] › tests/e2e/visual.spec.ts:10:3 › home regression at desktop (4.6s)
  ✓   2 [chromium] › tests/e2e/accessibility.spec.ts:18:3 › / has no automatically detectable WCAG A/AA violations (5.4s)
  ✓   5 [chromium] › tests/e2e/visual.spec.ts:10:3 › home regression at tablet (2.5s)
  ✓   7 [chromium] › tests/e2e/visual.spec.ts:10:3 › home regression at mobile (1.8s)
  ✓   4 [chromium] › tests/e2e/revenue-brand.spec.ts:43:7 › revenue-brand 1440 › all text remains without photographs; axe (5.9s)
  ✓   6 [chromium] › tests/e2e/accessibility.spec.ts:18:3 › /itineraries has no automatically detectable WCAG A/AA violations (5.7s)
  ✓   8 [chromium] › tests/e2e/visual.spec.ts:27:3 › management-operations regression at desktop (2.8s)
  ✓   9 [chromium] › tests/e2e/revenue-brand.spec.ts:25:5 › revenue-brand 768 › copy, completed fallback, width, and shell (2.0s)
  ✓  11 [chromium] › tests/e2e/visual.spec.ts:27:3 › management-operations regression at tablet (1.6s)
  ✓  10 [chromium] › tests/e2e/accessibility.spec.ts:18:3 › /camps/echo-base has no automatically detectable WCAG A/AA violations (3.4s)
  ✓  13 [chromium] › tests/e2e/visual.spec.ts:27:3 › management-operations regression at mobile (1.1s)
  ✓  12 [chromium] › tests/e2e/revenue-brand.spec.ts:43:7 › revenue-brand 768 › all text remains without photographs; axe (3.3s)
  ✓  16 [chromium] › tests/e2e/revenue-brand.spec.ts:25:5 › revenue-brand 390 › copy, completed fallback, width, and shell (1.8s)
  ✓  14 [chromium] › tests/e2e/accessibility.spec.ts:18:3 › /itineraries/south-pole-blue-rivers has no automatically detectable WCAG A/AA violations (4.1s)
  ✓  15 [chromium] › tests/e2e/visual.spec.ts:53:5 › management-operations pinned process › management-operations process 00 (4.7s)
  ✓  17 [chromium] › tests/e2e/revenue-brand.spec.ts:43:7 › revenue-brand 390 › all text remains without photographs; axe (3.4s)
  ✓  18 [chromium] › tests/e2e/accessibility.spec.ts:18:3 › /antarctica/polar-plateau has no automatically detectable WCAG A/AA violations (2.8s)
  ✓  20 [chromium] › tests/e2e/revenue-brand.spec.ts:25:5 › revenue-brand 360 › copy, completed fallback, width, and shell (1.4s)
  ✓  19 [chromium] › tests/e2e/visual.spec.ts:53:5 › management-operations pinned process › management-operations process 06 (5.1s)
  ✓  22 [chromium] › tests/e2e/revenue-brand.spec.ts:25:5 › revenue-brand 1024 › copy, completed fallback, width, and shell (2.5s)
  ✓  21 [chromium] › tests/e2e/accessibility.spec.ts:18:3 › /prices has no automatically detectable WCAG A/AA violations (3.5s)
  ✓  24 [chromium] › tests/e2e/revenue-brand.spec.ts:25:5 › revenue-brand 1920 › copy, completed fallback, width, and shell (3.0s)
  ✓  25 [chromium] › tests/e2e/accessibility.spec.ts:18:3 › /enquire has no automatically detectable WCAG A/AA violations (3.1s)
  ✓  26 [chromium] › tests/e2e/revenue-brand.spec.ts:25:5 › revenue-brand 720 › copy, completed fallback, width, and shell (1.6s)
  ✓  23 [chromium] › tests/e2e/visual.spec.ts:53:5 › management-operations pinned process › management-operations process 10 (5.3s)
  ✓  28 [chromium] › tests/e2e/revenue-brand.spec.ts:54:1 › revenue-brand controls toggle by keyboard and anchors reach their section (2.2s)
  ✓  30 [chromium] › tests/e2e/revenue-brand.spec.ts:87:3 › revenue-brand no JavaScript › has every string and completed process (1.9s)
  ✓  29 [chromium] › tests/e2e/visual.spec.ts:90:3 › revenue-brand regression at desktop (3.6s)
  ✓  27 [chromium] › tests/e2e/accessibility.spec.ts:18:3 › /legal/privacy-policy has no automatically detectable WCAG A/AA violations (6.2s)
  ✓  32 [chromium] › tests/e2e/visual.spec.ts:90:3 › revenue-brand regression at tablet (2.6s)
  ✓  33 [chromium] › tests/e2e/accessibility.spec.ts:18:3 › /services/management-operations has no automatically detectable WCAG A/AA violations (3.2s)
  ✓  34 [chromium] › tests/e2e/visual.spec.ts:90:3 › revenue-brand regression at mobile (1.7s)
  ✓  35 [chromium] › tests/e2e/accessibility.spec.ts:18:3 › /services/revenue-brand has no automatically detectable WCAG A/AA violations (4.0s)
  ✓  31 [chromium] › tests/e2e/revenue-brand.spec.ts:102:5 › revenue-brand motion 1440 › advances all six steps, rewinds, and moves the viewfinder (14.2s)
  ✓  36 [chromium] › tests/e2e/revenue-brand.spec.ts:102:5 › revenue-brand motion 390 › advances all six steps, rewinds, and moves the viewfinder (17.4s)

  36 passed (1.1m)
