
Running 38 tests using 3 workers

(node:34) Warning: The 'NO_COLOR' env is ignored due to the 'FORCE_COLOR' env being set.
(Use `node --trace-warnings ...` to show where the warning was created)
(node:33) Warning: The 'NO_COLOR' env is ignored due to the 'FORCE_COLOR' env being set.
(Use `node --trace-warnings ...` to show where the warning was created)
(node:35) Warning: The 'NO_COLOR' env is ignored due to the 'FORCE_COLOR' env being set.
(Use `node --trace-warnings ...` to show where the warning was created)
  ✓   3 [chromium] › tests/e2e/revenue-brand.spec.ts:25:5 › revenue-brand 1440 › copy, completed fallback, width, and shell (1.4s)
  ✓   1 [chromium] › tests/e2e/visual.spec.ts:10:3 › home regression at desktop (1.6s)
  ✓   2 [chromium] › tests/e2e/accessibility.spec.ts:18:3 › / has no automatically detectable WCAG A/AA violations (2.1s)
  ✓   5 [chromium] › tests/e2e/visual.spec.ts:10:3 › home regression at tablet (1.0s)
  ✓   7 [chromium] › tests/e2e/visual.spec.ts:10:3 › home regression at mobile (743ms)
  ✓   4 [chromium] › tests/e2e/revenue-brand.spec.ts:43:7 › revenue-brand 1440 › all text remains without photographs; axe (2.1s)
  ✓   6 [chromium] › tests/e2e/accessibility.spec.ts:18:3 › /itineraries has no automatically detectable WCAG A/AA violations (1.9s)
  ✓   9 [chromium] › tests/e2e/revenue-brand.spec.ts:25:5 › revenue-brand 768 › copy, completed fallback, width, and shell (1.2s)
  ✓   8 [chromium] › tests/e2e/visual.spec.ts:27:3 › management-operations regression at desktop (1.6s)
  ✓  10 [chromium] › tests/e2e/accessibility.spec.ts:18:3 › /camps/echo-base has no automatically detectable WCAG A/AA violations (2.0s)
  ✓  12 [chromium] › tests/e2e/visual.spec.ts:27:3 › management-operations regression at tablet (1.3s)
  ✓  14 [chromium] › tests/e2e/visual.spec.ts:27:3 › management-operations regression at mobile (960ms)
  ✓  11 [chromium] › tests/e2e/revenue-brand.spec.ts:43:7 › revenue-brand 768 › all text remains without photographs; axe (2.7s)
  ✓  13 [chromium] › tests/e2e/accessibility.spec.ts:18:3 › /itineraries/south-pole-blue-rivers has no automatically detectable WCAG A/AA violations (2.3s)
  ✓  16 [chromium] › tests/e2e/revenue-brand.spec.ts:25:5 › revenue-brand 390 › copy, completed fallback, width, and shell (1.1s)
  ✓  17 [chromium] › tests/e2e/accessibility.spec.ts:18:3 › /antarctica/polar-plateau has no automatically detectable WCAG A/AA violations (1.9s)
  ✓  18 [chromium] › tests/e2e/revenue-brand.spec.ts:43:7 › revenue-brand 390 › all text remains without photographs; axe (2.4s)
  ✓  15 [chromium] › tests/e2e/visual.spec.ts:53:5 › management-operations pinned process › management-operations process 00 (3.9s)
  ✓  20 [chromium] › tests/e2e/revenue-brand.spec.ts:25:5 › revenue-brand 360 › copy, completed fallback, width, and shell (980ms)
  ✓  19 [chromium] › tests/e2e/accessibility.spec.ts:18:3 › /prices has no automatically detectable WCAG A/AA violations (1.7s)
  ✓  22 [chromium] › tests/e2e/revenue-brand.spec.ts:25:5 › revenue-brand 1024 › copy, completed fallback, width, and shell (1.6s)
  ✓  23 [chromium] › tests/e2e/accessibility.spec.ts:18:3 › /enquire has no automatically detectable WCAG A/AA violations (2.1s)
  ✓  21 [chromium] › tests/e2e/visual.spec.ts:53:5 › management-operations pinned process › management-operations process 06 (4.0s)
  ✓  24 [chromium] › tests/e2e/revenue-brand.spec.ts:25:5 › revenue-brand 1920 › copy, completed fallback, width, and shell (1.8s)
  ✓  25 [chromium] › tests/e2e/accessibility.spec.ts:18:3 › /legal/privacy-policy has no automatically detectable WCAG A/AA violations (1.9s)
  ✓  27 [chromium] › tests/e2e/revenue-brand.spec.ts:25:5 › revenue-brand 720 › copy, completed fallback, width, and shell (1.1s)
  ✓  29 [chromium] › tests/e2e/revenue-brand.spec.ts:54:1 › revenue-brand controls toggle by keyboard and anchors reach their section (1.3s)
  ✓  28 [chromium] › tests/e2e/accessibility.spec.ts:18:3 › /services/management-operations has no automatically detectable WCAG A/AA violations (2.0s)
  ✓  30 [chromium] › tests/e2e/revenue-brand.spec.ts:87:3 › revenue-brand no JavaScript › has every string and completed process (1.0s)
  ✓  26 [chromium] › tests/e2e/visual.spec.ts:53:5 › management-operations pinned process › management-operations process 10 (4.1s)
  ✓  31 [chromium] › tests/e2e/accessibility.spec.ts:18:3 › /services/revenue-brand has no automatically detectable WCAG A/AA violations (2.8s)
  ✓  33 [chromium] › tests/e2e/visual.spec.ts:90:3 › revenue-brand regression at desktop (2.0s)
  ✓  34 [chromium] › tests/e2e/visual.spec.ts:90:3 › revenue-brand regression at tablet (1.3s)
  ✓  35 [chromium] › tests/e2e/visual.spec.ts:90:3 › revenue-brand regression at mobile (987ms)
  ✓  32 [chromium] › tests/e2e/revenue-brand.spec.ts:102:5 › revenue-brand motion 1440 › advances all six steps, rewinds, and moves the viewfinder (10.5s)
  ✓  36 [chromium] › tests/e2e/revenue-brand.spec.ts:102:5 › revenue-brand motion 390 › advances all six steps, rewinds, and moves the viewfinder (12.1s)
  ✓  37 [chromium] › tests/e2e/revenue-brand.spec.ts:153:1 › revenue-brand restores its scroll position, survives resize, and keeps upcoming steps accessible (29.2s)
  ✓  38 [chromium] › tests/e2e/revenue-brand.spec.ts:184:1 › revenue-brand has no console warnings after resource settling (8.4s)

  38 passed (1.3m)
