
Running 17 tests using 1 worker

(node:33) Warning: The 'NO_COLOR' env is ignored due to the 'FORCE_COLOR' env being set.
(Use `node --trace-warnings ...` to show where the warning was created)
  ✓   1 [chromium] › tests/e2e/management-operations.spec.ts:37:5 › desktop 1440×900 › renders every approved string as text, with semantics and no overflow (1.2s)
  ✓   2 [chromium] › tests/e2e/management-operations.spec.ts:123:5 › desktop 1440×900 › reduced motion shows the finished 06 state (608ms)
  ✓   3 [chromium] › tests/e2e/management-operations.spec.ts:137:5 › desktop 1440×900 › images hidden: text and UI remain (507ms)
  ✓   4 [chromium] › tests/e2e/management-operations.spec.ts:37:5 › tablet 768×1024 › renders every approved string as text, with semantics and no overflow (838ms)
  ✓   5 [chromium] › tests/e2e/management-operations.spec.ts:123:5 › tablet 768×1024 › reduced motion shows the finished 06 state (541ms)
  ✓   6 [chromium] › tests/e2e/management-operations.spec.ts:137:5 › tablet 768×1024 › images hidden: text and UI remain (620ms)
  ✓   7 [chromium] › tests/e2e/management-operations.spec.ts:37:5 › mobile 390×844 › renders every approved string as text, with semantics and no overflow (1.2s)
  ✓   8 [chromium] › tests/e2e/management-operations.spec.ts:123:5 › mobile 390×844 › reduced motion shows the finished 06 state (892ms)
  ✓   9 [chromium] › tests/e2e/management-operations.spec.ts:137:5 › mobile 390×844 › images hidden: text and UI remain (919ms)
  ✓  10 [chromium] › tests/e2e/management-operations.spec.ts:154:3 › without JavaScript › every string is visible and the process is complete (1.7s)
  ✓  11 [chromium] › tests/e2e/management-operations.spec.ts:173:3 › mobile interactions › chapter index anchors move to their chapter (1.5s)
  ✓  12 [chromium] › tests/e2e/management-operations.spec.ts:185:3 › mobile interactions › the room carousel works from the keyboard and lights its rows (1.1s)
  ✓  13 [chromium] › tests/e2e/management-operations.spec.ts:243:3 › desktop pinned process › pins, snaps to landings both ways and changes state through layers (6.7s)
  ✓  14 [chromium] › tests/e2e/management-operations.spec.ts:295:3 › desktop pinned process › wheel scrolling through Lenis settles on a landing (5.9s)
  ✓  15 [chromium] › tests/e2e/management-operations.spec.ts:312:3 › desktop pinned process › arrow keys step one landing each way (7.4s)
  ✘  16 [chromium] › tests/e2e/management-operations.spec.ts:330:3 › desktop pinned process › back and forward return to the same landing (8.9s)
(node:483) Warning: The 'NO_COLOR' env is ignored due to the 'FORCE_COLOR' env being set.
(Use `node --trace-warnings ...` to show where the warning was created)
  ✓  17 [chromium] › tests/e2e/management-operations.spec.ts:356:3 › desktop pinned process › axe passes mid-sequence (upcoming steps stay AA) (4.0s)


  1) [chromium] › tests/e2e/management-operations.spec.ts:330:3 › desktop pinned process › back and forward return to the same landing 

    Error: expect(received).toBeCloseTo(expected, precision)

    Expected: 0.8
    Received: 1.2564583333333332

    Expected precision:    2
    Expected difference: < 0.005
    Received difference:   0.4564583333333332

    Call Log:
    - Timeout 6000ms exceeded while waiting on the predicate

      347 |     await expect
      348 |       .poll(async () => (await progressAt(page)).relative, { timeout: 6000 })
    > 349 |       .toBeCloseTo(0.8, 2);
          |        ^
      350 |     // A fresh visit is not a traversal and starts at the top.
      351 |     await page.goto(route);
      352 |     await page.waitForTimeout(1500);
        at /home/kokoro/projects/clients/clonetest-rb/tests/e2e/management-operations.spec.ts:349:8

    attachment #1: screenshot (image/png) ──────────────────────────────────────────────────────────
    test-results/management-operations-desk-9686f--return-to-the-same-landing-chromium/test-failed-1.png
    ────────────────────────────────────────────────────────────────────────────────────────────────

    attachment #2: video (video/webm) ──────────────────────────────────────────────────────────────
    test-results/management-operations-desk-9686f--return-to-the-same-landing-chromium/video.webm
    ────────────────────────────────────────────────────────────────────────────────────────────────

    Error Context: test-results/management-operations-desk-9686f--return-to-the-same-landing-chromium/error-context.md

    attachment #4: trace (application/zip) ─────────────────────────────────────────────────────────
    test-results/management-operations-desk-9686f--return-to-the-same-landing-chromium/trace.zip
    Usage:

        pnpm exec playwright show-trace test-results/management-operations-desk-9686f--return-to-the-same-landing-chromium/trace.zip

    ────────────────────────────────────────────────────────────────────────────────────────────────

  1 failed
    [chromium] › tests/e2e/management-operations.spec.ts:330:3 › desktop pinned process › back and forward return to the same landing 
  16 passed (46.6s)
